
> react-example@0.0.0 build C:\Users\Amro\Desktop\PERSONA_FINAL
> vite build && esbuild server.ts --bundle --platform=node --format=cjs --packages=external --sourcemap --outfile=dist/server.cjs

[36mvite v6.4.3 [32mbuilding for production...[36m[39m
transforming...
[32m✓[39m 3093 modules transformed.
rendering chunks...
computing gzip size...
[2mdist/[22m[32mindex.html                 [39m[1m[2m    1.79 kB[22m[1m[22m[2m │ gzip:   0.91 kB[22m
[2mdist/[22m[35massets/index-rtdCSrNj.css  [39m[1m[2m  105.97 kB[22m[1m[22m[2m │ gzip:  14.02 kB[22m
[2mdist/[22m[36massets/index-CWADAerm.js   [39m[1m[33m1,134.76 kB[39m[22m[2m │ gzip: 339.40 kB[22m
[33m
(!) Some chunks are larger than 500 kB after minification. Consider:
- Using dynamic import() to code-split the application
- Use build.rollupOptions.output.manualChunks to improve chunking: https://rollupjs.org/configuration-options/#output-manualchunks
- Adjust chunk size limit for this warning via build.chunkSizeWarningLimit.[39m
[32m✓ built in 18.74s[39m

  dist\server.cjs      294.9kb
  dist\server.cjs.map  398.7kb

Done in 31ms
